
Discarded input sections

 .bss           0x0000000000000000        0x0 build/framebuffer.o
 .ARM.attributes
                0x0000000000000000       0x14 build/framebuffer.o
 .bss           0x0000000000000000        0x0 build/gpio.o
 .ARM.attributes
                0x0000000000000000       0x14 build/gpio.o
 .bss           0x0000000000000000        0x0 build/main.o
 .ARM.attributes
                0x0000000000000000       0x14 build/main.o
 .bss           0x0000000000000000        0x0 build/ok.o
 .ARM.attributes
                0x0000000000000000       0x14 build/ok.o
 .bss           0x0000000000000000        0x0 build/postman.o
 .ARM.attributes
                0x0000000000000000       0x14 build/postman.o
 .bss           0x0000000000000000        0x0 build/waitFor.o
 .ARM.attributes
                0x0000000000000000       0x14 build/waitFor.o

Memory Configuration

Name             Origin             Length             Attributes
*default*        0x0000000000000000 0xffffffffffffffff

Linker script and memory map

LOAD build/framebuffer.o
LOAD build/gpio.o
LOAD build/main.o
LOAD build/ok.o
LOAD build/postman.o
LOAD build/waitFor.o

.init           0x0000000000008000        0x4
 *(.init)
 .init          0x0000000000008000        0x4 build/main.o
                0x0000000000008000                _start

.text           0x0000000000008004      0x20c
 *(.text)
 .text          0x0000000000008004       0x60 build/framebuffer.o
                0x0000000000008004                InitialiseFrameBuffer
 .text          0x0000000000008064       0x80 build/gpio.o
                0x0000000000008064                GetGpioAddress
                0x000000000000806c                SetGpioFunction
                0x00000000000080a4                SetGpio
 .text          0x00000000000080e4       0x20 build/main.o
 .text          0x0000000000008104       0x40 build/ok.o
                0x0000000000008104                OKon
                0x0000000000008124                OKoff
 .text          0x0000000000008144       0x78 build/postman.o
                0x0000000000008144                GetMailboxBase
                0x000000000000814c                MailboxRead
                0x0000000000008184                MailboxWrite
 .text          0x00000000000081bc       0x54 build/waitFor.o
                0x00000000000081bc                WaitForSeconds
                0x00000000000081d4                WaitForMilliSeconds

.data           0x0000000000008210       0x30
 *(.data)
 .data          0x0000000000008210       0x30 build/framebuffer.o
                0x0000000000008210                FrameBufferInfo
 .data          0x0000000000008240        0x0 build/gpio.o
 .data          0x0000000000008240        0x0 build/main.o
 .data          0x0000000000008240        0x0 build/ok.o
 .data          0x0000000000008240        0x0 build/postman.o
 .data          0x0000000000008240        0x0 build/waitFor.o

/DISCARD/
 *(*)
OUTPUT(build/output.elf elf32-littlearm)
