
Discarded input sections

 .bss           0x0000000000000000        0x0 build/frameBuffer.o
 .ARM.attributes
                0x0000000000000000       0x14 build/frameBuffer.o
 .bss           0x0000000000000000        0x0 build/gpio.o
 .ARM.attributes
                0x0000000000000000       0x14 build/gpio.o
 .bss           0x0000000000000000        0x0 build/mailbox.o
 .ARM.attributes
                0x0000000000000000       0x14 build/mailbox.o
 .bss           0x0000000000000000        0x0 build/main.o
 .ARM.attributes
                0x0000000000000000       0x14 build/main.o
 .bss           0x0000000000000000        0x0 build/ok.o
 .ARM.attributes
                0x0000000000000000       0x14 build/ok.o
 .bss           0x0000000000000000        0x0 build/waitFor.o
 .ARM.attributes
                0x0000000000000000       0x14 build/waitFor.o

Memory Configuration

Name             Origin             Length             Attributes
*default*        0x0000000000000000 0xffffffffffffffff

Linker script and memory map

LOAD build/frameBuffer.o
LOAD build/gpio.o
LOAD build/mailbox.o
LOAD build/main.o
LOAD build/ok.o
LOAD build/waitFor.o

.init           0x0000000000008000        0x4
 *(.init)
 .init          0x0000000000008000        0x4 build/main.o
                0x0000000000008000                _start

.text           0x0000000000008004      0x2a0
 *(.text)
 .text          0x0000000000008004       0x60 build/frameBuffer.o
                0x0000000000008004                InitialiseFrameBuffer
 .text          0x0000000000008064       0x80 build/gpio.o
                0x0000000000008064                GetGpioAddress
                0x000000000000806c                SetGpioFunction
                0x00000000000080a4                SetGpio
 .text          0x00000000000080e4       0x78 build/mailbox.o
                0x00000000000080e4                GetMailboxBase
                0x00000000000080ec                MailboxWrite
                0x0000000000008120                MailboxRead
 .text          0x000000000000815c       0x94 build/main.o
 .text          0x00000000000081f0       0x58 build/ok.o
                0x00000000000081f0                OKinit
                0x0000000000008204                OKon
                0x0000000000008218                OKoff
                0x000000000000822c                OKblink
 .text          0x0000000000008248       0x5c build/waitFor.o
                0x0000000000008248                slightPause
                0x0000000000008258                WaitForSeconds
                0x000000000000826c                WaitForMilliSeconds

.data           0x00000000000082b0       0x30
 *(.data)
 .data          0x00000000000082b0       0x30 build/frameBuffer.o
                0x00000000000082b0                FrameBufferInfo
 .data          0x00000000000082e0        0x0 build/gpio.o
 .data          0x00000000000082e0        0x0 build/mailbox.o
 .data          0x00000000000082e0        0x0 build/main.o
 .data          0x00000000000082e0        0x0 build/ok.o
 .data          0x00000000000082e0        0x0 build/waitFor.o

/DISCARD/
 *(*)
OUTPUT(build/output.elf elf32-littlearm)
