
Discarded input sections

 .bss           0x0000000000000000        0x0 build/gpio.o
 .ARM.attributes
                0x0000000000000000       0x14 build/gpio.o
 .bss           0x0000000000000000        0x0 build/main.o
 .ARM.attributes
                0x0000000000000000       0x14 build/main.o
 .bss           0x0000000000000000        0x0 build/ok.o
 .ARM.attributes
                0x0000000000000000       0x14 build/ok.o
 .bss           0x0000000000000000        0x0 build/waitFor.o
 .ARM.attributes
                0x0000000000000000       0x14 build/waitFor.o

Memory Configuration

Name             Origin             Length             Attributes
*default*        0x0000000000000000 0xffffffffffffffff

Linker script and memory map

LOAD build/gpio.o
LOAD build/main.o
LOAD build/ok.o
LOAD build/waitFor.o

.init           0x0000000000008000        0x4
 *(.init)
 .init          0x0000000000008000        0x4 build/main.o
                0x0000000000008000                _start

.text           0x0000000000008004      0x134
 *(.text)
 .text          0x0000000000008004       0x80 build/gpio.o
                0x0000000000008004                GetGpioAddress
                0x000000000000800c                SetGpioFunction
                0x0000000000008044                SetGpio
 .text          0x0000000000008084       0x1c build/main.o
 .text          0x00000000000080a0       0x3c build/ok.o
                0x00000000000080a0                OKinit
                0x00000000000080b4                OKon
                0x00000000000080c8                OKoff
 .text          0x00000000000080dc       0x5c build/waitFor.o
                0x00000000000080dc                slightPause
                0x00000000000080ec                WaitForSeconds
                0x0000000000008100                WaitForMilliSeconds

.data           0x0000000000008138        0x4
 *(.data)
 .data          0x0000000000008138        0x0 build/gpio.o
 .data          0x0000000000008138        0x4 build/main.o
 .data          0x000000000000813c        0x0 build/ok.o
 .data          0x000000000000813c        0x0 build/waitFor.o

/DISCARD/
 *(*)
OUTPUT(build/output.elf elf32-littlearm)
