
Discarded input sections

 .bss           0x0000000000000000        0x0 build/gpio.o
 .ARM.attributes
                0x0000000000000000       0x14 build/gpio.o
 .bss           0x0000000000000000        0x0 build/main.o
 .ARM.attributes
                0x0000000000000000       0x14 build/main.o
 .bss           0x0000000000000000        0x0 build/ok.o
 .ARM.attributes
                0x0000000000000000       0x14 build/ok.o
 .bss           0x0000000000000000        0x0 build/waitFor.o
 .ARM.attributes
                0x0000000000000000       0x14 build/waitFor.o

Memory Configuration

Name             Origin             Length             Attributes
*default*        0x0000000000000000 0xffffffffffffffff

Linker script and memory map

LOAD build/gpio.o
LOAD build/main.o
LOAD build/ok.o
LOAD build/waitFor.o

.init           0x0000000000008000        0x4
 *(.init)
 .init          0x0000000000008000        0x4 build/main.o
                0x0000000000008000                _start

.text           0x0000000000008004      0x154
 *(.text)
 .text          0x0000000000008004       0x80 build/gpio.o
                0x0000000000008004                GetGpioAddress
                0x000000000000800c                SetGpioFunction
                0x0000000000008044                SetGpio
 .text          0x0000000000008084       0x20 build/main.o
 .text          0x00000000000080a4       0x58 build/ok.o
                0x00000000000080a4                OKinit
                0x00000000000080b8                OKon
                0x00000000000080cc                OKoff
                0x00000000000080e0                OKblink
 .text          0x00000000000080fc       0x5c build/waitFor.o
                0x00000000000080fc                slightPause
                0x000000000000810c                WaitForSeconds
                0x0000000000008120                WaitForMilliSeconds

.data           0x0000000000008158        0x0
 *(.data)
 .data          0x0000000000008158        0x0 build/gpio.o
 .data          0x0000000000008158        0x0 build/main.o
 .data          0x0000000000008158        0x0 build/ok.o
 .data          0x0000000000008158        0x0 build/waitFor.o

/DISCARD/
 *(*)
OUTPUT(build/output.elf elf32-littlearm)
